// Jest Snapshot v1, https://goo.gl/fbAQLP

exports[`Checkbox should be match snapshot 1`] = `
<Component
  checked={true}
  name="sample"
>
  <CheckboxComponent
    checked={true}
    name="sample"
    theme={
      Object {
        "frame": Object {
          "border": Object {
            "default": "1px solid #d6d6d6",
            "lineStyle": "solid",
            "lineWidth": "1px",
            "radius": Object {
              "l": "8px",
              "m": "6px",
              "s": "3px",
            },
          },
        },
        "interaction": Object {
          "hover": Object {
            "animation": ".3s ease-out",
            "animationDuration": ".3s",
            "animationTiming": "ease-out",
            "feedbackOpacity": ".7",
          },
        },
        "palette": Object {
          "Background": "#f5f6fa",
          "Border": "#d6d6d6",
          "Column": "#f9f9f9",
          "Danger": "#ef475b",
          "Main": "#00a5ab",
          "Outline": "rgba(0,165,171,0.5)",
          "Overlay": "rgba(0,0,0,0.15)",
          "Scrim": "rgba(0,0,0,0.5)",
          "TextBlack": "#333",
          "TextGrey": "#767676",
          "Warning": "#ff8800",
          "hoverColor": [Function],
        },
        "size": Object {
          "font": Object {
            "grande": 16,
            "short": 13,
            "tall": 14,
            "tasting": 12,
            "trenta": 22,
            "venti": 20,
          },
          "mediaQuery": Object {
            "sp": 599,
            "tablet": 959,
          },
          "pxToRem": [Function],
          "space": Object {
            "l": 40,
            "m": 32,
            "s": 24,
            "xl": 48,
            "xs": 16,
            "xxl": 56,
            "xxs": 8,
          },
        },
      }
    }
  >
    <styled.div
      theme={
        Object {
          "frame": Object {
            "border": Object {
              "default": "1px solid #d6d6d6",
              "lineStyle": "solid",
              "lineWidth": "1px",
              "radius": Object {
                "l": "8px",
                "m": "6px",
                "s": "3px",
              },
            },
          },
          "interaction": Object {
            "hover": Object {
              "animation": ".3s ease-out",
              "animationDuration": ".3s",
              "animationTiming": "ease-out",
              "feedbackOpacity": ".7",
            },
          },
          "palette": Object {
            "Background": "#f5f6fa",
            "Border": "#d6d6d6",
            "Column": "#f9f9f9",
            "Danger": "#ef475b",
            "Main": "#00a5ab",
            "Outline": "rgba(0,165,171,0.5)",
            "Overlay": "rgba(0,0,0,0.15)",
            "Scrim": "rgba(0,0,0,0.5)",
            "TextBlack": "#333",
            "TextGrey": "#767676",
            "Warning": "#ff8800",
            "hoverColor": [Function],
          },
          "size": Object {
            "font": Object {
              "grande": 16,
              "short": 13,
              "tall": 14,
              "tasting": 12,
              "trenta": 22,
              "venti": 20,
            },
            "mediaQuery": Object {
              "sp": 599,
              "tablet": 959,
            },
            "pxToRem": [Function],
            "space": Object {
              "l": 40,
              "m": 32,
              "s": 24,
              "xl": 48,
              "xs": 16,
              "xxl": 56,
              "xxs": 8,
            },
          },
        }
      }
    >
      <StyledComponent
        forwardedComponent={
          Object {
            "$$typeof": Symbol(react.forward_ref),
            "attrs": Array [],
            "componentStyle": ComponentStyle {
              "componentId": "sc-bdVaJa",
              "isStatic": false,
              "lastClassName": "hObIwy",
              "rules": Array [
                "
  position: relative;
  display: inline-block;
  width: 20px;
  height: 20px;
  flex-shrink: 0;
  line-height: 1;
  box-sizing: border-box;
",
              ],
            },
            "displayName": "styled.div",
            "foldedComponentIds": Array [],
            "render": [Function],
            "styledComponentId": "sc-bdVaJa",
            "target": "div",
            "toString": [Function],
            "usesTheme": false,
            "warnTooManyClasses": [Function],
            "withComponent": [Function],
          }
        }
        forwardedRef={null}
        theme={
          Object {
            "frame": Object {
              "border": Object {
                "default": "1px solid #d6d6d6",
                "lineStyle": "solid",
                "lineWidth": "1px",
                "radius": Object {
                  "l": "8px",
                  "m": "6px",
                  "s": "3px",
                },
              },
            },
            "interaction": Object {
              "hover": Object {
                "animation": ".3s ease-out",
                "animationDuration": ".3s",
                "animationTiming": "ease-out",
                "feedbackOpacity": ".7",
              },
            },
            "palette": Object {
              "Background": "#f5f6fa",
              "Border": "#d6d6d6",
              "Column": "#f9f9f9",
              "Danger": "#ef475b",
              "Main": "#00a5ab",
              "Outline": "rgba(0,165,171,0.5)",
              "Overlay": "rgba(0,0,0,0.15)",
              "Scrim": "rgba(0,0,0,0.5)",
              "TextBlack": "#333",
              "TextGrey": "#767676",
              "Warning": "#ff8800",
              "hoverColor": [Function],
            },
            "size": Object {
              "font": Object {
                "grande": 16,
                "short": 13,
                "tall": 14,
                "tasting": 12,
                "trenta": 22,
                "venti": 20,
              },
              "mediaQuery": Object {
                "sp": 599,
                "tablet": 959,
              },
              "pxToRem": [Function],
              "space": Object {
                "l": 40,
                "m": 32,
                "s": 24,
                "xl": 48,
                "xs": 16,
                "xxl": 56,
                "xxs": 8,
              },
            },
          }
        }
      >
        <div
          className="sc-bdVaJa hObIwy"
        >
          <styled.input
            checked={true}
            disabled={false}
            name="sample"
            onChange={[Function]}
            theme={
              Object {
                "frame": Object {
                  "border": Object {
                    "default": "1px solid #d6d6d6",
                    "lineStyle": "solid",
                    "lineWidth": "1px",
                    "radius": Object {
                      "l": "8px",
                      "m": "6px",
                      "s": "3px",
                    },
                  },
                },
                "interaction": Object {
                  "hover": Object {
                    "animation": ".3s ease-out",
                    "animationDuration": ".3s",
                    "animationTiming": "ease-out",
                    "feedbackOpacity": ".7",
                  },
                },
                "palette": Object {
                  "Background": "#f5f6fa",
                  "Border": "#d6d6d6",
                  "Column": "#f9f9f9",
                  "Danger": "#ef475b",
                  "Main": "#00a5ab",
                  "Outline": "rgba(0,165,171,0.5)",
                  "Overlay": "rgba(0,0,0,0.15)",
                  "Scrim": "rgba(0,0,0,0.5)",
                  "TextBlack": "#333",
                  "TextGrey": "#767676",
                  "Warning": "#ff8800",
                  "hoverColor": [Function],
                },
                "size": Object {
                  "font": Object {
                    "grande": 16,
                    "short": 13,
                    "tall": 14,
                    "tasting": 12,
                    "trenta": 22,
                    "venti": 20,
                  },
                  "mediaQuery": Object {
                    "sp": 599,
                    "tablet": 959,
                  },
                  "pxToRem": [Function],
                  "space": Object {
                    "l": 40,
                    "m": 32,
                    "s": 24,
                    "xl": 48,
                    "xs": 16,
                    "xxl": 56,
                    "xxs": 8,
                  },
                },
              }
            }
            type="checkbox"
          >
            <StyledComponent
              checked={true}
              disabled={false}
              forwardedComponent={
                Object {
                  "$$typeof": Symbol(react.forward_ref),
                  "attrs": Array [],
                  "componentStyle": ComponentStyle {
                    "componentId": "sc-htpNat",
                    "isStatic": false,
                    "lastClassName": "jPKSoQ",
                    "rules": Array [
                      "
  ",
                      [Function],
                      "
",
                    ],
                  },
                  "displayName": "styled.input",
                  "foldedComponentIds": Array [],
                  "render": [Function],
                  "styledComponentId": "sc-htpNat",
                  "target": "input",
                  "toString": [Function],
                  "usesTheme": false,
                  "warnTooManyClasses": [Function],
                  "withComponent": [Function],
                }
              }
              forwardedRef={null}
              name="sample"
              onChange={[Function]}
              theme={
                Object {
                  "frame": Object {
                    "border": Object {
                      "default": "1px solid #d6d6d6",
                      "lineStyle": "solid",
                      "lineWidth": "1px",
                      "radius": Object {
                        "l": "8px",
                        "m": "6px",
                        "s": "3px",
                      },
                    },
                  },
                  "interaction": Object {
                    "hover": Object {
                      "animation": ".3s ease-out",
                      "animationDuration": ".3s",
                      "animationTiming": "ease-out",
                      "feedbackOpacity": ".7",
                    },
                  },
                  "palette": Object {
                    "Background": "#f5f6fa",
                    "Border": "#d6d6d6",
                    "Column": "#f9f9f9",
                    "Danger": "#ef475b",
                    "Main": "#00a5ab",
                    "Outline": "rgba(0,165,171,0.5)",
                    "Overlay": "rgba(0,0,0,0.15)",
                    "Scrim": "rgba(0,0,0,0.5)",
                    "TextBlack": "#333",
                    "TextGrey": "#767676",
                    "Warning": "#ff8800",
                    "hoverColor": [Function],
                  },
                  "size": Object {
                    "font": Object {
                      "grande": 16,
                      "short": 13,
                      "tall": 14,
                      "tasting": 12,
                      "trenta": 22,
                      "venti": 20,
                    },
                    "mediaQuery": Object {
                      "sp": 599,
                      "tablet": 959,
                    },
                    "pxToRem": [Function],
                    "space": Object {
                      "l": 40,
                      "m": 32,
                      "s": 24,
                      "xl": 48,
                      "xs": 16,
                      "xxl": 56,
                      "xxs": 8,
                    },
                  },
                }
              }
              type="checkbox"
            >
              <input
                checked={true}
                className="sc-htpNat jPKSoQ"
                disabled={false}
                name="sample"
                onChange={[Function]}
                type="checkbox"
              />
            </StyledComponent>
          </styled.input>
          <styled.span
            className="active  light"
            theme={
              Object {
                "frame": Object {
                  "border": Object {
                    "default": "1px solid #d6d6d6",
                    "lineStyle": "solid",
                    "lineWidth": "1px",
                    "radius": Object {
                      "l": "8px",
                      "m": "6px",
                      "s": "3px",
                    },
                  },
                },
                "interaction": Object {
                  "hover": Object {
                    "animation": ".3s ease-out",
                    "animationDuration": ".3s",
                    "animationTiming": "ease-out",
                    "feedbackOpacity": ".7",
                  },
                },
                "palette": Object {
                  "Background": "#f5f6fa",
                  "Border": "#d6d6d6",
                  "Column": "#f9f9f9",
                  "Danger": "#ef475b",
                  "Main": "#00a5ab",
                  "Outline": "rgba(0,165,171,0.5)",
                  "Overlay": "rgba(0,0,0,0.15)",
                  "Scrim": "rgba(0,0,0,0.5)",
                  "TextBlack": "#333",
                  "TextGrey": "#767676",
                  "Warning": "#ff8800",
                  "hoverColor": [Function],
                },
                "size": Object {
                  "font": Object {
                    "grande": 16,
                    "short": 13,
                    "tall": 14,
                    "tasting": 12,
                    "trenta": 22,
                    "venti": 20,
                  },
                  "mediaQuery": Object {
                    "sp": 599,
                    "tablet": 959,
                  },
                  "pxToRem": [Function],
                  "space": Object {
                    "l": 40,
                    "m": 32,
                    "s": 24,
                    "xl": 48,
                    "xs": 16,
                    "xxl": 56,
                    "xxs": 8,
                  },
                },
              }
            }
          >
            <StyledComponent
              className="active  light"
              forwardedComponent={
                Object {
                  "$$typeof": Symbol(react.forward_ref),
                  "attrs": Array [],
                  "componentStyle": ComponentStyle {
                    "componentId": "sc-bwzfXH",
                    "isStatic": false,
                    "lastClassName": "iJVVrz",
                    "rules": Array [
                      "
  ",
                      [Function],
                      "
",
                    ],
                  },
                  "displayName": "styled.span",
                  "foldedComponentIds": Array [],
                  "render": [Function],
                  "styledComponentId": "sc-bwzfXH",
                  "target": "span",
                  "toString": [Function],
                  "usesTheme": false,
                  "warnTooManyClasses": [Function],
                  "withComponent": [Function],
                }
              }
              forwardedRef={null}
              theme={
                Object {
                  "frame": Object {
                    "border": Object {
                      "default": "1px solid #d6d6d6",
                      "lineStyle": "solid",
                      "lineWidth": "1px",
                      "radius": Object {
                        "l": "8px",
                        "m": "6px",
                        "s": "3px",
                      },
                    },
                  },
                  "interaction": Object {
                    "hover": Object {
                      "animation": ".3s ease-out",
                      "animationDuration": ".3s",
                      "animationTiming": "ease-out",
                      "feedbackOpacity": ".7",
                    },
                  },
                  "palette": Object {
                    "Background": "#f5f6fa",
                    "Border": "#d6d6d6",
                    "Column": "#f9f9f9",
                    "Danger": "#ef475b",
                    "Main": "#00a5ab",
                    "Outline": "rgba(0,165,171,0.5)",
                    "Overlay": "rgba(0,0,0,0.15)",
                    "Scrim": "rgba(0,0,0,0.5)",
                    "TextBlack": "#333",
                    "TextGrey": "#767676",
                    "Warning": "#ff8800",
                    "hoverColor": [Function],
                  },
                  "size": Object {
                    "font": Object {
                      "grande": 16,
                      "short": 13,
                      "tall": 14,
                      "tasting": 12,
                      "trenta": 22,
                      "venti": 20,
                    },
                    "mediaQuery": Object {
                      "sp": 599,
                      "tablet": 959,
                    },
                    "pxToRem": [Function],
                    "space": Object {
                      "l": 40,
                      "m": 32,
                      "s": 24,
                      "xl": 48,
                      "xs": 16,
                      "xxl": 56,
                      "xxs": 8,
                    },
                  },
                }
              }
            >
              <span
                className="sc-bwzfXH iJVVrz active  light"
              />
            </StyledComponent>
          </styled.span>
          <styled.span>
            <StyledComponent
              forwardedComponent={
                Object {
                  "$$typeof": Symbol(react.forward_ref),
                  "attrs": Array [],
                  "componentStyle": ComponentStyle {
                    "componentId": "sc-bxivhb",
                    "isStatic": false,
                    "lastClassName": "gDnquz",
                    "rules": Array [
                      "
  position: absolute;
  top: 50%;
  left: 50%;
  display: inline-block;
  width: 12px;
  height: 12px;
  transform: translate(-50%, -50%);
  pointer-events: none;

  & > svg {
    vertical-align: top;
  }
",
                    ],
                  },
                  "displayName": "styled.span",
                  "foldedComponentIds": Array [],
                  "render": [Function],
                  "styledComponentId": "sc-bxivhb",
                  "target": "span",
                  "toString": [Function],
                  "usesTheme": false,
                  "warnTooManyClasses": [Function],
                  "withComponent": [Function],
                }
              }
              forwardedRef={null}
            >
              <span
                className="sc-bxivhb gDnquz"
              >
                <Component
                  fill="#fff"
                  height={12}
                  name="check"
                  width={12}
                >
                  <Component
                    fill="#fff"
                    height={12}
                    width={12}
                  >
                    <CheckIcon
                      fill="#fff"
                      height={12}
                      theme={
                        Object {
                          "frame": Object {
                            "border": Object {
                              "default": "1px solid #d6d6d6",
                              "lineStyle": "solid",
                              "lineWidth": "1px",
                              "radius": Object {
                                "l": "8px",
                                "m": "6px",
                                "s": "3px",
                              },
                            },
                          },
                          "interaction": Object {
                            "hover": Object {
                              "animation": ".3s ease-out",
                              "animationDuration": ".3s",
                              "animationTiming": "ease-out",
                              "feedbackOpacity": ".7",
                            },
                          },
                          "palette": Object {
                            "Background": "#f5f6fa",
                            "Border": "#d6d6d6",
                            "Column": "#f9f9f9",
                            "Danger": "#ef475b",
                            "Main": "#00a5ab",
                            "Outline": "rgba(0,165,171,0.5)",
                            "Overlay": "rgba(0,0,0,0.15)",
                            "Scrim": "rgba(0,0,0,0.5)",
                            "TextBlack": "#333",
                            "TextGrey": "#767676",
                            "Warning": "#ff8800",
                            "hoverColor": [Function],
                          },
                          "size": Object {
                            "font": Object {
                              "grande": 16,
                              "short": 13,
                              "tall": 14,
                              "tasting": 12,
                              "trenta": 22,
                              "venti": 20,
                            },
                            "mediaQuery": Object {
                              "sp": 599,
                              "tablet": 959,
                            },
                            "pxToRem": [Function],
                            "space": Object {
                              "l": 40,
                              "m": 32,
                              "s": 24,
                              "xl": 48,
                              "xs": 16,
                              "xxl": 56,
                              "xxs": 8,
                            },
                          },
                        }
                      }
                      width={12}
                    >
                      <svg
                        height="12px"
                        viewBox="0 0 100 100"
                        width="12px"
                      >
                        <title>
                          check
                        </title>
                        <g
                          id="Check"
                        >
                          <path
                            d="M100,26.06a6.2,6.2,0,0,1-1.81,4.5L51.48,78.44l-8.77,9a6.1,6.1,0,0,1-8.77,0l-8.78-9L1.81,54.5a6.5,6.5,0,0,1,0-9l8.77-9A5.88,5.88,0,0,1,15,34.66a5.86,5.86,0,0,1,4.38,1.85L38.32,56,80.65,12.57a6.1,6.1,0,0,1,8.77,0l8.77,9A6.19,6.19,0,0,1,100,26.06Z"
                            fill="#fff"
                            style={
                              Object {
                                "fillRule": "evenodd",
                              }
                            }
                          />
                        </g>
                      </svg>
                    </CheckIcon>
                  </Component>
                </Component>
              </span>
            </StyledComponent>
          </styled.span>
        </div>
      </StyledComponent>
    </styled.div>
  </CheckboxComponent>
</Component>
`;
