// Jest Snapshot v1, https://goo.gl/fbAQLP

exports[`CheckBox should be match snapshot 1`] = `
<Component
  checked={true}
  name="sample"
>
  <CheckBoxComponent
    checked={true}
    name="sample"
    theme={
      Object {
        "frame": Object {
          "border": Object {
            "default": "1px solid #d6d6d6",
            "lineStyle": "solid",
            "lineWidth": "1px",
            "radius": Object {
              "l": "8px",
              "m": "6px",
              "s": "3px",
            },
          },
        },
        "interaction": Object {
          "hover": Object {
            "animation": ".3s ease-out",
            "animationDuration": ".3s",
            "animationTiming": "ease-out",
            "feedbackOpacity": ".7",
          },
        },
        "palette": Object {
          "BACKGROUND": "#f5f6fa",
          "BORDER": "#d6d6d6",
          "COLUMN": "#f9f9f9",
          "DANGER": "#ef475b",
          "MAIN": "#00a5ab",
          "OUTLINE": "rgba(0,165,171,0.5)",
          "OVERLAY": "rgba(0,0,0,0.15)",
          "SCRIM": "rgba(0,0,0,0.5)",
          "TEXT_BLACK": "#333",
          "TEXT_DISABLED": "#c1c1c1",
          "TEXT_GREY": "#767676",
          "WARNING": "#ff8800",
          "disableColor": [Function],
          "hoverColor": [Function],
        },
        "size": Object {
          "font": Object {
            "GRANDE": 18,
            "SHORT": 11,
            "TALL": 14,
            "VENTI": 24,
          },
          "mediaQuery": Object {
            "SP": 599,
            "TABLET": 959,
          },
          "pxToRem": [Function],
          "space": Object {
            "L": 40,
            "M": 32,
            "S": 24,
            "XL": 48,
            "XS": 16,
            "XXL": 56,
            "XXS": 8,
          },
        },
      }
    }
  >
    <styled.div
      className=""
      theme={
        Object {
          "frame": Object {
            "border": Object {
              "default": "1px solid #d6d6d6",
              "lineStyle": "solid",
              "lineWidth": "1px",
              "radius": Object {
                "l": "8px",
                "m": "6px",
                "s": "3px",
              },
            },
          },
          "interaction": Object {
            "hover": Object {
              "animation": ".3s ease-out",
              "animationDuration": ".3s",
              "animationTiming": "ease-out",
              "feedbackOpacity": ".7",
            },
          },
          "palette": Object {
            "BACKGROUND": "#f5f6fa",
            "BORDER": "#d6d6d6",
            "COLUMN": "#f9f9f9",
            "DANGER": "#ef475b",
            "MAIN": "#00a5ab",
            "OUTLINE": "rgba(0,165,171,0.5)",
            "OVERLAY": "rgba(0,0,0,0.15)",
            "SCRIM": "rgba(0,0,0,0.5)",
            "TEXT_BLACK": "#333",
            "TEXT_DISABLED": "#c1c1c1",
            "TEXT_GREY": "#767676",
            "WARNING": "#ff8800",
            "disableColor": [Function],
            "hoverColor": [Function],
          },
          "size": Object {
            "font": Object {
              "GRANDE": 18,
              "SHORT": 11,
              "TALL": 14,
              "VENTI": 24,
            },
            "mediaQuery": Object {
              "SP": 599,
              "TABLET": 959,
            },
            "pxToRem": [Function],
            "space": Object {
              "L": 40,
              "M": 32,
              "S": 24,
              "XL": 48,
              "XS": 16,
              "XXL": 56,
              "XXS": 8,
            },
          },
        }
      }
    >
      <StyledComponent
        className=""
        forwardedComponent={
          Object {
            "$$typeof": Symbol(react.forward_ref),
            "attrs": Array [],
            "componentStyle": ComponentStyle {
              "componentId": "sc-bdVaJa",
              "isStatic": true,
              "lastClassName": "hObIwy",
              "rules": Array [
                "
  position: relative;
  display: inline-block;
  width: 20px;
  height: 20px;
  flex-shrink: 0;
  line-height: 1;
  box-sizing: border-box;
",
              ],
            },
            "displayName": "styled.div",
            "foldedComponentIds": Array [],
            "render": [Function],
            "styledComponentId": "sc-bdVaJa",
            "target": "div",
            "toString": [Function],
            "warnTooManyClasses": [Function],
            "withComponent": [Function],
          }
        }
        forwardedRef={null}
        theme={
          Object {
            "frame": Object {
              "border": Object {
                "default": "1px solid #d6d6d6",
                "lineStyle": "solid",
                "lineWidth": "1px",
                "radius": Object {
                  "l": "8px",
                  "m": "6px",
                  "s": "3px",
                },
              },
            },
            "interaction": Object {
              "hover": Object {
                "animation": ".3s ease-out",
                "animationDuration": ".3s",
                "animationTiming": "ease-out",
                "feedbackOpacity": ".7",
              },
            },
            "palette": Object {
              "BACKGROUND": "#f5f6fa",
              "BORDER": "#d6d6d6",
              "COLUMN": "#f9f9f9",
              "DANGER": "#ef475b",
              "MAIN": "#00a5ab",
              "OUTLINE": "rgba(0,165,171,0.5)",
              "OVERLAY": "rgba(0,0,0,0.15)",
              "SCRIM": "rgba(0,0,0,0.5)",
              "TEXT_BLACK": "#333",
              "TEXT_DISABLED": "#c1c1c1",
              "TEXT_GREY": "#767676",
              "WARNING": "#ff8800",
              "disableColor": [Function],
              "hoverColor": [Function],
            },
            "size": Object {
              "font": Object {
                "GRANDE": 18,
                "SHORT": 11,
                "TALL": 14,
                "VENTI": 24,
              },
              "mediaQuery": Object {
                "SP": 599,
                "TABLET": 959,
              },
              "pxToRem": [Function],
              "space": Object {
                "L": 40,
                "M": 32,
                "S": 24,
                "XL": 48,
                "XS": 16,
                "XXL": 56,
                "XXS": 8,
              },
            },
          }
        }
      >
        <div
          className="sc-bdVaJa hObIwy"
        >
          <HoverableComponent(styled.input)
            checked={true}
            disabled={false}
            name="sample"
            onChange={[Function]}
            theme={
              Object {
                "frame": Object {
                  "border": Object {
                    "default": "1px solid #d6d6d6",
                    "lineStyle": "solid",
                    "lineWidth": "1px",
                    "radius": Object {
                      "l": "8px",
                      "m": "6px",
                      "s": "3px",
                    },
                  },
                },
                "interaction": Object {
                  "hover": Object {
                    "animation": ".3s ease-out",
                    "animationDuration": ".3s",
                    "animationTiming": "ease-out",
                    "feedbackOpacity": ".7",
                  },
                },
                "palette": Object {
                  "BACKGROUND": "#f5f6fa",
                  "BORDER": "#d6d6d6",
                  "COLUMN": "#f9f9f9",
                  "DANGER": "#ef475b",
                  "MAIN": "#00a5ab",
                  "OUTLINE": "rgba(0,165,171,0.5)",
                  "OVERLAY": "rgba(0,0,0,0.15)",
                  "SCRIM": "rgba(0,0,0,0.5)",
                  "TEXT_BLACK": "#333",
                  "TEXT_DISABLED": "#c1c1c1",
                  "TEXT_GREY": "#767676",
                  "WARNING": "#ff8800",
                  "disableColor": [Function],
                  "hoverColor": [Function],
                },
                "size": Object {
                  "font": Object {
                    "GRANDE": 18,
                    "SHORT": 11,
                    "TALL": 14,
                    "VENTI": 24,
                  },
                  "mediaQuery": Object {
                    "SP": 599,
                    "TABLET": 959,
                  },
                  "pxToRem": [Function],
                  "space": Object {
                    "L": 40,
                    "M": 32,
                    "S": 24,
                    "XL": 48,
                    "XS": 16,
                    "XXL": 56,
                    "XXS": 8,
                  },
                },
              }
            }
            type="CheckBox"
          >
            <styled.input
              checked={true}
              className=" "
              disabled={false}
              name="sample"
              onChange={[Function]}
              onMouseEnter={[Function]}
              onMouseLeave={[Function]}
              onTouchEnd={[Function]}
              onTouchStart={[Function]}
              theme={
                Object {
                  "frame": Object {
                    "border": Object {
                      "default": "1px solid #d6d6d6",
                      "lineStyle": "solid",
                      "lineWidth": "1px",
                      "radius": Object {
                        "l": "8px",
                        "m": "6px",
                        "s": "3px",
                      },
                    },
                  },
                  "interaction": Object {
                    "hover": Object {
                      "animation": ".3s ease-out",
                      "animationDuration": ".3s",
                      "animationTiming": "ease-out",
                      "feedbackOpacity": ".7",
                    },
                  },
                  "palette": Object {
                    "BACKGROUND": "#f5f6fa",
                    "BORDER": "#d6d6d6",
                    "COLUMN": "#f9f9f9",
                    "DANGER": "#ef475b",
                    "MAIN": "#00a5ab",
                    "OUTLINE": "rgba(0,165,171,0.5)",
                    "OVERLAY": "rgba(0,0,0,0.15)",
                    "SCRIM": "rgba(0,0,0,0.5)",
                    "TEXT_BLACK": "#333",
                    "TEXT_DISABLED": "#c1c1c1",
                    "TEXT_GREY": "#767676",
                    "WARNING": "#ff8800",
                    "disableColor": [Function],
                    "hoverColor": [Function],
                  },
                  "size": Object {
                    "font": Object {
                      "GRANDE": 18,
                      "SHORT": 11,
                      "TALL": 14,
                      "VENTI": 24,
                    },
                    "mediaQuery": Object {
                      "SP": 599,
                      "TABLET": 959,
                    },
                    "pxToRem": [Function],
                    "space": Object {
                      "L": 40,
                      "M": 32,
                      "S": 24,
                      "XL": 48,
                      "XS": 16,
                      "XXL": 56,
                      "XXS": 8,
                    },
                  },
                }
              }
              type="CheckBox"
            >
              <StyledComponent
                checked={true}
                className=" "
                disabled={false}
                forwardedComponent={
                  Object {
                    "$$typeof": Symbol(react.forward_ref),
                    "attrs": Array [],
                    "componentStyle": ComponentStyle {
                      "componentId": "sc-htpNat",
                      "isStatic": false,
                      "lastClassName": "ZkUIj",
                      "rules": Array [
                        "
  ",
                        [Function],
                        "
",
                      ],
                    },
                    "displayName": "styled.input",
                    "foldedComponentIds": Array [],
                    "render": [Function],
                    "styledComponentId": "sc-htpNat",
                    "target": "input",
                    "toString": [Function],
                    "warnTooManyClasses": [Function],
                    "withComponent": [Function],
                  }
                }
                forwardedRef={null}
                name="sample"
                onChange={[Function]}
                onMouseEnter={[Function]}
                onMouseLeave={[Function]}
                onTouchEnd={[Function]}
                onTouchStart={[Function]}
                theme={
                  Object {
                    "frame": Object {
                      "border": Object {
                        "default": "1px solid #d6d6d6",
                        "lineStyle": "solid",
                        "lineWidth": "1px",
                        "radius": Object {
                          "l": "8px",
                          "m": "6px",
                          "s": "3px",
                        },
                      },
                    },
                    "interaction": Object {
                      "hover": Object {
                        "animation": ".3s ease-out",
                        "animationDuration": ".3s",
                        "animationTiming": "ease-out",
                        "feedbackOpacity": ".7",
                      },
                    },
                    "palette": Object {
                      "BACKGROUND": "#f5f6fa",
                      "BORDER": "#d6d6d6",
                      "COLUMN": "#f9f9f9",
                      "DANGER": "#ef475b",
                      "MAIN": "#00a5ab",
                      "OUTLINE": "rgba(0,165,171,0.5)",
                      "OVERLAY": "rgba(0,0,0,0.15)",
                      "SCRIM": "rgba(0,0,0,0.5)",
                      "TEXT_BLACK": "#333",
                      "TEXT_DISABLED": "#c1c1c1",
                      "TEXT_GREY": "#767676",
                      "WARNING": "#ff8800",
                      "disableColor": [Function],
                      "hoverColor": [Function],
                    },
                    "size": Object {
                      "font": Object {
                        "GRANDE": 18,
                        "SHORT": 11,
                        "TALL": 14,
                        "VENTI": 24,
                      },
                      "mediaQuery": Object {
                        "SP": 599,
                        "TABLET": 959,
                      },
                      "pxToRem": [Function],
                      "space": Object {
                        "L": 40,
                        "M": 32,
                        "S": 24,
                        "XL": 48,
                        "XS": 16,
                        "XXL": 56,
                        "XXS": 8,
                      },
                    },
                  }
                }
                type="CheckBox"
              >
                <input
                  checked={true}
                  className="  sc-htpNat ZkUIj"
                  disabled={false}
                  name="sample"
                  onChange={[Function]}
                  onMouseEnter={[Function]}
                  onMouseLeave={[Function]}
                  onTouchEnd={[Function]}
                  onTouchStart={[Function]}
                  type="CheckBox"
                />
              </StyledComponent>
            </styled.input>
          </HoverableComponent(styled.input)>
          <styled.span
            className="active  light"
            theme={
              Object {
                "frame": Object {
                  "border": Object {
                    "default": "1px solid #d6d6d6",
                    "lineStyle": "solid",
                    "lineWidth": "1px",
                    "radius": Object {
                      "l": "8px",
                      "m": "6px",
                      "s": "3px",
                    },
                  },
                },
                "interaction": Object {
                  "hover": Object {
                    "animation": ".3s ease-out",
                    "animationDuration": ".3s",
                    "animationTiming": "ease-out",
                    "feedbackOpacity": ".7",
                  },
                },
                "palette": Object {
                  "BACKGROUND": "#f5f6fa",
                  "BORDER": "#d6d6d6",
                  "COLUMN": "#f9f9f9",
                  "DANGER": "#ef475b",
                  "MAIN": "#00a5ab",
                  "OUTLINE": "rgba(0,165,171,0.5)",
                  "OVERLAY": "rgba(0,0,0,0.15)",
                  "SCRIM": "rgba(0,0,0,0.5)",
                  "TEXT_BLACK": "#333",
                  "TEXT_DISABLED": "#c1c1c1",
                  "TEXT_GREY": "#767676",
                  "WARNING": "#ff8800",
                  "disableColor": [Function],
                  "hoverColor": [Function],
                },
                "size": Object {
                  "font": Object {
                    "GRANDE": 18,
                    "SHORT": 11,
                    "TALL": 14,
                    "VENTI": 24,
                  },
                  "mediaQuery": Object {
                    "SP": 599,
                    "TABLET": 959,
                  },
                  "pxToRem": [Function],
                  "space": Object {
                    "L": 40,
                    "M": 32,
                    "S": 24,
                    "XL": 48,
                    "XS": 16,
                    "XXL": 56,
                    "XXS": 8,
                  },
                },
              }
            }
          >
            <StyledComponent
              className="active  light"
              forwardedComponent={
                Object {
                  "$$typeof": Symbol(react.forward_ref),
                  "attrs": Array [],
                  "componentStyle": ComponentStyle {
                    "componentId": "sc-bwzfXH",
                    "isStatic": false,
                    "lastClassName": "iJVVrz",
                    "rules": Array [
                      "
  ",
                      [Function],
                      "
",
                    ],
                  },
                  "displayName": "styled.span",
                  "foldedComponentIds": Array [],
                  "render": [Function],
                  "styledComponentId": "sc-bwzfXH",
                  "target": "span",
                  "toString": [Function],
                  "warnTooManyClasses": [Function],
                  "withComponent": [Function],
                }
              }
              forwardedRef={null}
              theme={
                Object {
                  "frame": Object {
                    "border": Object {
                      "default": "1px solid #d6d6d6",
                      "lineStyle": "solid",
                      "lineWidth": "1px",
                      "radius": Object {
                        "l": "8px",
                        "m": "6px",
                        "s": "3px",
                      },
                    },
                  },
                  "interaction": Object {
                    "hover": Object {
                      "animation": ".3s ease-out",
                      "animationDuration": ".3s",
                      "animationTiming": "ease-out",
                      "feedbackOpacity": ".7",
                    },
                  },
                  "palette": Object {
                    "BACKGROUND": "#f5f6fa",
                    "BORDER": "#d6d6d6",
                    "COLUMN": "#f9f9f9",
                    "DANGER": "#ef475b",
                    "MAIN": "#00a5ab",
                    "OUTLINE": "rgba(0,165,171,0.5)",
                    "OVERLAY": "rgba(0,0,0,0.15)",
                    "SCRIM": "rgba(0,0,0,0.5)",
                    "TEXT_BLACK": "#333",
                    "TEXT_DISABLED": "#c1c1c1",
                    "TEXT_GREY": "#767676",
                    "WARNING": "#ff8800",
                    "disableColor": [Function],
                    "hoverColor": [Function],
                  },
                  "size": Object {
                    "font": Object {
                      "GRANDE": 18,
                      "SHORT": 11,
                      "TALL": 14,
                      "VENTI": 24,
                    },
                    "mediaQuery": Object {
                      "SP": 599,
                      "TABLET": 959,
                    },
                    "pxToRem": [Function],
                    "space": Object {
                      "L": 40,
                      "M": 32,
                      "S": 24,
                      "XL": 48,
                      "XS": 16,
                      "XXL": 56,
                      "XXS": 8,
                    },
                  },
                }
              }
            >
              <span
                className="active  light sc-bwzfXH iJVVrz"
              />
            </StyledComponent>
          </styled.span>
          <styled.span>
            <StyledComponent
              forwardedComponent={
                Object {
                  "$$typeof": Symbol(react.forward_ref),
                  "attrs": Array [],
                  "componentStyle": ComponentStyle {
                    "componentId": "sc-bxivhb",
                    "isStatic": true,
                    "lastClassName": "gDnquz",
                    "rules": Array [
                      "
  position: absolute;
  top: 50%;
  left: 50%;
  display: inline-block;
  width: 12px;
  height: 12px;
  transform: translate(-50%, -50%);
  pointer-events: none;

  & > svg {
    vertical-align: top;
  }
",
                    ],
                  },
                  "displayName": "styled.span",
                  "foldedComponentIds": Array [],
                  "render": [Function],
                  "styledComponentId": "sc-bxivhb",
                  "target": "span",
                  "toString": [Function],
                  "warnTooManyClasses": [Function],
                  "withComponent": [Function],
                }
              }
              forwardedRef={null}
            >
              <span
                className="sc-bxivhb gDnquz"
              >
                <Component
                  color="#fff"
                  name="fa-check"
                  size={12}
                >
                  <FaCheck
                    className=""
                    color="#fff"
                    size={12}
                  >
                    <IconBase
                      attr={
                        Object {
                          "viewBox": "0 0 512 512",
                        }
                      }
                      className=""
                      color="#fff"
                      size={12}
                    >
                      <svg
                        color="#fff"
                        fill="currentColor"
                        height={12}
                        size={12}
                        stroke="currentColor"
                        strokeWidth="0"
                        style={
                          Object {
                            "color": "#fff",
                          }
                        }
                        viewBox="0 0 512 512"
                        width={12}
                        xmlns="http://www.w3.org/2000/svg"
                      >
                        <path
                          d="M173.898 439.404l-166.4-166.4c-9.997-9.997-9.997-26.206 0-36.204l36.203-36.204c9.997-9.998 26.207-9.998 36.204 0L192 312.69 432.095 72.596c9.997-9.997 26.207-9.997 36.204 0l36.203 36.204c9.997 9.997 9.997 26.206 0 36.204l-294.4 294.401c-9.998 9.997-26.207 9.997-36.204-.001z"
                          key="0"
                        />
                      </svg>
                    </IconBase>
                  </FaCheck>
                </Component>
              </span>
            </StyledComponent>
          </styled.span>
        </div>
      </StyledComponent>
    </styled.div>
  </CheckBoxComponent>
</Component>
`;
