// Jest Snapshot v1, https://goo.gl/fbAQLP

exports[`CheckBoxLabel should be match snapshot 1`] = `
<Component
  checked={true}
  disabled={false}
  label="label"
  name="name"
>
  <styled.div
    className=""
  >
    <div
      className="sc-AxgMl khpreb"
    >
      <styled.label
        className=""
        themes={
          Object {
            "frame": Object {
              "border": Object {
                "default": "1px solid #d6d6d6",
                "lineStyle": "solid",
                "lineWidth": "1px",
                "radius": Object {
                  "m": "6px",
                  "s": "4px",
                },
              },
            },
            "interaction": Object {
              "hover": Object {
                "animation": ".3s ease-out",
                "animationDuration": ".3s",
                "animationTiming": "ease-out",
                "feedbackOpacity": ".7",
              },
            },
            "palette": Object {
              "BACKGROUND": "#f5f6fa",
              "BORDER": "#d6d6d6",
              "BRAND": "#00c4cc",
              "COLUMN": "#f9f9f9",
              "DANGER": "#ef475b",
              "HEADER_GREEN": "#57d0d5",
              "MAIN": "#00a5ab",
              "OUTLINE": "rgba(0,165,171,0.5)",
              "OVERLAY": "rgba(0,0,0,0.15)",
              "SCRIM": "rgba(0,0,0,0.5)",
              "TEXT_BLACK": "#333",
              "TEXT_DISABLED": "#c1c1c1",
              "TEXT_GREY": "#767676",
              "TEXT_LINK": "#007bc2",
              "WARNING": "#ff8800",
              "disableColor": [Function],
              "hoverColor": [Function],
            },
            "shadow": Object {
              "BASE": "rgba(51, 51, 51, 0.15) 0 0 4px 0",
              "DIALOG": "rgba(51, 51, 51, 0.3) 0 4px 10px 0",
            },
            "size": Object {
              "font": Object {
                "GRANDE": 18,
                "SHORT": 11,
                "TALL": 14,
                "VENTI": 24,
              },
              "mediaQuery": Object {
                "SP": 599,
                "TABLET": 959,
              },
              "pxToRem": [Function],
              "space": Object {
                "L": 40,
                "M": 32,
                "S": 24,
                "XL": 48,
                "XS": 16,
                "XXL": 56,
                "XXS": 8,
              },
            },
            "zIndex": Object {
              "AUTO": "auto",
              "DEFAULT": 0,
              "FIXED_MENU": 100,
              "FLASH_MESSAGE": 11000,
              "OVERLAP": 10000,
            },
          }
        }
      >
        <label
          className="sc-AxheI ldTmjf"
        >
          <Component
            checked={true}
            disabled={false}
            name="name"
          >
            <styled.div
              className=""
              themes={
                Object {
                  "frame": Object {
                    "border": Object {
                      "default": "1px solid #d6d6d6",
                      "lineStyle": "solid",
                      "lineWidth": "1px",
                      "radius": Object {
                        "m": "6px",
                        "s": "4px",
                      },
                    },
                  },
                  "interaction": Object {
                    "hover": Object {
                      "animation": ".3s ease-out",
                      "animationDuration": ".3s",
                      "animationTiming": "ease-out",
                      "feedbackOpacity": ".7",
                    },
                  },
                  "palette": Object {
                    "BACKGROUND": "#f5f6fa",
                    "BORDER": "#d6d6d6",
                    "BRAND": "#00c4cc",
                    "COLUMN": "#f9f9f9",
                    "DANGER": "#ef475b",
                    "HEADER_GREEN": "#57d0d5",
                    "MAIN": "#00a5ab",
                    "OUTLINE": "rgba(0,165,171,0.5)",
                    "OVERLAY": "rgba(0,0,0,0.15)",
                    "SCRIM": "rgba(0,0,0,0.5)",
                    "TEXT_BLACK": "#333",
                    "TEXT_DISABLED": "#c1c1c1",
                    "TEXT_GREY": "#767676",
                    "TEXT_LINK": "#007bc2",
                    "WARNING": "#ff8800",
                    "disableColor": [Function],
                    "hoverColor": [Function],
                  },
                  "shadow": Object {
                    "BASE": "rgba(51, 51, 51, 0.15) 0 0 4px 0",
                    "DIALOG": "rgba(51, 51, 51, 0.3) 0 4px 10px 0",
                  },
                  "size": Object {
                    "font": Object {
                      "GRANDE": 18,
                      "SHORT": 11,
                      "TALL": 14,
                      "VENTI": 24,
                    },
                    "mediaQuery": Object {
                      "SP": 599,
                      "TABLET": 959,
                    },
                    "pxToRem": [Function],
                    "space": Object {
                      "L": 40,
                      "M": 32,
                      "S": 24,
                      "XL": 48,
                      "XS": 16,
                      "XXL": 56,
                      "XXS": 8,
                    },
                  },
                  "zIndex": Object {
                    "AUTO": "auto",
                    "DEFAULT": 0,
                    "FIXED_MENU": 100,
                    "FLASH_MESSAGE": 11000,
                    "OVERLAP": 10000,
                  },
                }
              }
            >
              <div
                className="sc-AxirZ clMtsN"
              >
                <styled.input
                  checked={true}
                  disabled={false}
                  name="name"
                  onChange={[Function]}
                  themes={
                    Object {
                      "frame": Object {
                        "border": Object {
                          "default": "1px solid #d6d6d6",
                          "lineStyle": "solid",
                          "lineWidth": "1px",
                          "radius": Object {
                            "m": "6px",
                            "s": "4px",
                          },
                        },
                      },
                      "interaction": Object {
                        "hover": Object {
                          "animation": ".3s ease-out",
                          "animationDuration": ".3s",
                          "animationTiming": "ease-out",
                          "feedbackOpacity": ".7",
                        },
                      },
                      "palette": Object {
                        "BACKGROUND": "#f5f6fa",
                        "BORDER": "#d6d6d6",
                        "BRAND": "#00c4cc",
                        "COLUMN": "#f9f9f9",
                        "DANGER": "#ef475b",
                        "HEADER_GREEN": "#57d0d5",
                        "MAIN": "#00a5ab",
                        "OUTLINE": "rgba(0,165,171,0.5)",
                        "OVERLAY": "rgba(0,0,0,0.15)",
                        "SCRIM": "rgba(0,0,0,0.5)",
                        "TEXT_BLACK": "#333",
                        "TEXT_DISABLED": "#c1c1c1",
                        "TEXT_GREY": "#767676",
                        "TEXT_LINK": "#007bc2",
                        "WARNING": "#ff8800",
                        "disableColor": [Function],
                        "hoverColor": [Function],
                      },
                      "shadow": Object {
                        "BASE": "rgba(51, 51, 51, 0.15) 0 0 4px 0",
                        "DIALOG": "rgba(51, 51, 51, 0.3) 0 4px 10px 0",
                      },
                      "size": Object {
                        "font": Object {
                          "GRANDE": 18,
                          "SHORT": 11,
                          "TALL": 14,
                          "VENTI": 24,
                        },
                        "mediaQuery": Object {
                          "SP": 599,
                          "TABLET": 959,
                        },
                        "pxToRem": [Function],
                        "space": Object {
                          "L": 40,
                          "M": 32,
                          "S": 24,
                          "XL": 48,
                          "XS": 16,
                          "XXL": 56,
                          "XXS": 8,
                        },
                      },
                      "zIndex": Object {
                        "AUTO": "auto",
                        "DEFAULT": 0,
                        "FIXED_MENU": 100,
                        "FLASH_MESSAGE": 11000,
                        "OVERLAP": 10000,
                      },
                    }
                  }
                  type="checkbox"
                >
                  <input
                    checked={true}
                    className="sc-AxhCb bzdyKr"
                    disabled={false}
                    name="name"
                    onChange={[Function]}
                    type="checkbox"
                  />
                </styled.input>
                <styled.span
                  className="active "
                  themes={
                    Object {
                      "frame": Object {
                        "border": Object {
                          "default": "1px solid #d6d6d6",
                          "lineStyle": "solid",
                          "lineWidth": "1px",
                          "radius": Object {
                            "m": "6px",
                            "s": "4px",
                          },
                        },
                      },
                      "interaction": Object {
                        "hover": Object {
                          "animation": ".3s ease-out",
                          "animationDuration": ".3s",
                          "animationTiming": "ease-out",
                          "feedbackOpacity": ".7",
                        },
                      },
                      "palette": Object {
                        "BACKGROUND": "#f5f6fa",
                        "BORDER": "#d6d6d6",
                        "BRAND": "#00c4cc",
                        "COLUMN": "#f9f9f9",
                        "DANGER": "#ef475b",
                        "HEADER_GREEN": "#57d0d5",
                        "MAIN": "#00a5ab",
                        "OUTLINE": "rgba(0,165,171,0.5)",
                        "OVERLAY": "rgba(0,0,0,0.15)",
                        "SCRIM": "rgba(0,0,0,0.5)",
                        "TEXT_BLACK": "#333",
                        "TEXT_DISABLED": "#c1c1c1",
                        "TEXT_GREY": "#767676",
                        "TEXT_LINK": "#007bc2",
                        "WARNING": "#ff8800",
                        "disableColor": [Function],
                        "hoverColor": [Function],
                      },
                      "shadow": Object {
                        "BASE": "rgba(51, 51, 51, 0.15) 0 0 4px 0",
                        "DIALOG": "rgba(51, 51, 51, 0.3) 0 4px 10px 0",
                      },
                      "size": Object {
                        "font": Object {
                          "GRANDE": 18,
                          "SHORT": 11,
                          "TALL": 14,
                          "VENTI": 24,
                        },
                        "mediaQuery": Object {
                          "SP": 599,
                          "TABLET": 959,
                        },
                        "pxToRem": [Function],
                        "space": Object {
                          "L": 40,
                          "M": 32,
                          "S": 24,
                          "XL": 48,
                          "XS": 16,
                          "XXL": 56,
                          "XXS": 8,
                        },
                      },
                      "zIndex": Object {
                        "AUTO": "auto",
                        "DEFAULT": 0,
                        "FIXED_MENU": 100,
                        "FLASH_MESSAGE": 11000,
                        "OVERLAP": 10000,
                      },
                    }
                  }
                >
                  <span
                    className="sc-AxiKw kXHM active "
                  />
                </styled.span>
                <styled.span
                  themes={
                    Object {
                      "frame": Object {
                        "border": Object {
                          "default": "1px solid #d6d6d6",
                          "lineStyle": "solid",
                          "lineWidth": "1px",
                          "radius": Object {
                            "m": "6px",
                            "s": "4px",
                          },
                        },
                      },
                      "interaction": Object {
                        "hover": Object {
                          "animation": ".3s ease-out",
                          "animationDuration": ".3s",
                          "animationTiming": "ease-out",
                          "feedbackOpacity": ".7",
                        },
                      },
                      "palette": Object {
                        "BACKGROUND": "#f5f6fa",
                        "BORDER": "#d6d6d6",
                        "BRAND": "#00c4cc",
                        "COLUMN": "#f9f9f9",
                        "DANGER": "#ef475b",
                        "HEADER_GREEN": "#57d0d5",
                        "MAIN": "#00a5ab",
                        "OUTLINE": "rgba(0,165,171,0.5)",
                        "OVERLAY": "rgba(0,0,0,0.15)",
                        "SCRIM": "rgba(0,0,0,0.5)",
                        "TEXT_BLACK": "#333",
                        "TEXT_DISABLED": "#c1c1c1",
                        "TEXT_GREY": "#767676",
                        "TEXT_LINK": "#007bc2",
                        "WARNING": "#ff8800",
                        "disableColor": [Function],
                        "hoverColor": [Function],
                      },
                      "shadow": Object {
                        "BASE": "rgba(51, 51, 51, 0.15) 0 0 4px 0",
                        "DIALOG": "rgba(51, 51, 51, 0.3) 0 4px 10px 0",
                      },
                      "size": Object {
                        "font": Object {
                          "GRANDE": 18,
                          "SHORT": 11,
                          "TALL": 14,
                          "VENTI": 24,
                        },
                        "mediaQuery": Object {
                          "SP": 599,
                          "TABLET": 959,
                        },
                        "pxToRem": [Function],
                        "space": Object {
                          "L": 40,
                          "M": 32,
                          "S": 24,
                          "XL": 48,
                          "XS": 16,
                          "XXL": 56,
                          "XXS": 8,
                        },
                      },
                      "zIndex": Object {
                        "AUTO": "auto",
                        "DEFAULT": 0,
                        "FIXED_MENU": 100,
                        "FLASH_MESSAGE": 11000,
                        "OVERLAP": 10000,
                      },
                    }
                  }
                >
                  <span
                    className="sc-AxhUy cfHhAU"
                  >
                    <Component
                      color="#fff"
                      name="fa-check"
                      size={10}
                    >
                      <FaCheck
                        aria-hidden={true}
                        className=""
                        color="#fff"
                        focusable={false}
                        role="img"
                        size={10}
                      >
                        <IconBase
                          aria-hidden={true}
                          attr={
                            Object {
                              "viewBox": "0 0 512 512",
                            }
                          }
                          className=""
                          color="#fff"
                          focusable={false}
                          role="img"
                          size={10}
                        >
                          <svg
                            aria-hidden={true}
                            color="#fff"
                            fill="currentColor"
                            focusable={false}
                            height={10}
                            role="img"
                            size={10}
                            stroke="currentColor"
                            strokeWidth="0"
                            style={
                              Object {
                                "color": "#fff",
                              }
                            }
                            viewBox="0 0 512 512"
                            width={10}
                            xmlns="http://www.w3.org/2000/svg"
                          >
                            <path
                              d="M173.898 439.404l-166.4-166.4c-9.997-9.997-9.997-26.206 0-36.204l36.203-36.204c9.997-9.998 26.207-9.998 36.204 0L192 312.69 432.095 72.596c9.997-9.997 26.207-9.997 36.204 0l36.203 36.204c9.997 9.997 9.997 26.206 0 36.204l-294.4 294.401c-9.998 9.997-26.207 9.997-36.204-.001z"
                              key="0"
                            />
                          </svg>
                        </IconBase>
                      </FaCheck>
                    </Component>
                  </span>
                </styled.span>
              </div>
            </styled.div>
          </Component>
          <styled.p
            themes={
              Object {
                "frame": Object {
                  "border": Object {
                    "default": "1px solid #d6d6d6",
                    "lineStyle": "solid",
                    "lineWidth": "1px",
                    "radius": Object {
                      "m": "6px",
                      "s": "4px",
                    },
                  },
                },
                "interaction": Object {
                  "hover": Object {
                    "animation": ".3s ease-out",
                    "animationDuration": ".3s",
                    "animationTiming": "ease-out",
                    "feedbackOpacity": ".7",
                  },
                },
                "palette": Object {
                  "BACKGROUND": "#f5f6fa",
                  "BORDER": "#d6d6d6",
                  "BRAND": "#00c4cc",
                  "COLUMN": "#f9f9f9",
                  "DANGER": "#ef475b",
                  "HEADER_GREEN": "#57d0d5",
                  "MAIN": "#00a5ab",
                  "OUTLINE": "rgba(0,165,171,0.5)",
                  "OVERLAY": "rgba(0,0,0,0.15)",
                  "SCRIM": "rgba(0,0,0,0.5)",
                  "TEXT_BLACK": "#333",
                  "TEXT_DISABLED": "#c1c1c1",
                  "TEXT_GREY": "#767676",
                  "TEXT_LINK": "#007bc2",
                  "WARNING": "#ff8800",
                  "disableColor": [Function],
                  "hoverColor": [Function],
                },
                "shadow": Object {
                  "BASE": "rgba(51, 51, 51, 0.15) 0 0 4px 0",
                  "DIALOG": "rgba(51, 51, 51, 0.3) 0 4px 10px 0",
                },
                "size": Object {
                  "font": Object {
                    "GRANDE": 18,
                    "SHORT": 11,
                    "TALL": 14,
                    "VENTI": 24,
                  },
                  "mediaQuery": Object {
                    "SP": 599,
                    "TABLET": 959,
                  },
                  "pxToRem": [Function],
                  "space": Object {
                    "L": 40,
                    "M": 32,
                    "S": 24,
                    "XL": 48,
                    "XS": 16,
                    "XXL": 56,
                    "XXS": 8,
                  },
                },
                "zIndex": Object {
                  "AUTO": "auto",
                  "DEFAULT": 0,
                  "FIXED_MENU": 100,
                  "FLASH_MESSAGE": 11000,
                  "OVERLAP": 10000,
                },
              }
            }
          >
            <p
              className="sc-Axmtr ibdPSj"
            >
              label
            </p>
          </styled.p>
        </label>
      </styled.label>
    </div>
  </styled.div>
</Component>
`;
