// Jest Snapshot v1, https://goo.gl/fbAQLP

exports[`StatusLabel should be match snapshot 1`] = `
.c0 {
  box-sizing: content-box;
  display: -webkit-inline-box;
  display: -webkit-inline-flex;
  display: -ms-inline-flexbox;
  display: inline-flex;
  -webkit-align-items: center;
  -webkit-box-align: center;
  -ms-flex-align: center;
  align-items: center;
  -webkit-box-pack: center;
  -webkit-justify-content: center;
  -ms-flex-pack: center;
  justify-content: center;
  gap: 4px;
  border: 1px solid transparent;
  background-color: #fff;
  padding: 4px 8px;
  white-space: nowrap;
  font-size: 0.8571428571428571rem;
  font-weight: bold;
  line-height: 0;
  min-width: 3.5em;
  min-height: 1em;
}

.c0.grey {
  border-color: #d6d3d0;
  color: #706d65;
}

.c0.grey.bold {
  border-color: #706d65;
  background-color: #706d65;
  color: #fff;
}

.c0.blue {
  border-color: #0077c7;
  color: #0077c7;
}

.c0.blue.bold {
  background-color: #0077c7;
  color: #fff;
}

.c0.green {
  border-color: #0f7f85;
  color: #0f7f85;
}

.c0.green.bold {
  background-color: #0f7f85;
  color: #fff;
}

.c0.red {
  border-color: #e01e5a;
  color: #e01e5a;
}

.c0.red.bold,
.c0.error {
  background-color: #e01e5a;
  color: #fff;
}

.c0.warning {
  background-color: #ffcc17;
  color: #23221e;
}

.c0.warning.bold {
  border-color: #23221e;
}

@media (prefers-contrast:more) {
  .c0.grey {
    border: 1px solid #23221e;
  }
}

<span
  className="c0 grey  smarthr-ui-StatusLabel"
>
  hello
</span>
`;
