// Jest Snapshot v1, https://goo.gl/fbAQLP

exports[`StatusLabel should be match snapshot 1`] = `
.c0 {
  box-sizing: border-box;
  display: inline-block;
  margin: 0;
  border: 1px solid transparent;
  padding: 4px 8px;
  background-color: #fff;
  text-align: center;
  white-space: nowrap;
  min-width: 3.75rem;
  font-size: 0.6875rem;
  font-weight: bold;
  line-height: 1;
}

.c0.done {
  border-color: #d6d3d0;
  color: #706d65;
}

.c0.success {
  border-color: #0077c7;
  color: #0077c7;
}

.c0.process {
  border-color: #ff8800;
  color: #ff8800;
}

.c0.required {
  border-color: #e01e5a;
  color: #e01e5a;
}

.c0.disabled {
  background-color: #706d65;
  color: #fff;
}

.c0.must {
  background-color: #0077c7;
  color: #fff;
}

.c0.warning {
  background-color: #ff8800;
  color: #fff;
}

.c0.error {
  background-color: #e01e5a;
  color: #fff;
}

<span
  className="c0 success "
>
  hello
</span>
`;
